[2026-05-07 06:06:08] INFO [TradingSystem._train_model_for_pair:63]   📊 Training model for EURUSDm...
[2026-05-07 06:06:08] ERROR [TradingSystem._train_model_for_pair:159]   ❌ Failed to train model for EURUSDm: 'date'
Traceback (most recent call last):
  File "D:\2. Group E-H\TradingSystem\.venv\Lib\site-packages\pandas\core\indexes\base.py", line 3641, in get_loc
    return self._engine.get_loc(casted_key)
           ^^^^^^^^^^^^^^^^^^^^^^^^^^^^^^^^
  File "pandas/_libs/index.pyx", line 168, in pandas._libs.index.IndexEngine.get_loc
  File "pandas/_libs/index.pyx", line 197, in pandas._libs.index.IndexEngine.get_loc
  File "pandas/_libs/hashtable_class_helper.pxi", line 7668, in pandas._libs.hashtable.PyObjectHashTable.get_item
  File "pandas/_libs/hashtable_class_helper.pxi", line 7676, in pandas._libs.hashtable.PyObjectHashTable.get_item
KeyError: 'date'

The above exception was the direct cause of the following exception:

Traceback (most recent call last):
  File "D:\2. Group E-H\TradingSystem\backend\train.py", line 79, in _train_model_for_pair
    df['time_combined'] = pd.to_datetime(df['date'] + ' ' + df['time'])
                                         ~~^^^^^^^^
  File "D:\2. Group E-H\TradingSystem\.venv\Lib\site-packages\pandas\core\frame.py", line 4378, in __getitem__
    indexer = self.columns.get_loc(key)
              ^^^^^^^^^^^^^^^^^^^^^^^^^
  File "D:\2. Group E-H\TradingSystem\.venv\Lib\site-packages\pandas\core\indexes\base.py", line 3648, in get_loc
    raise KeyError(key) from err
KeyError: 'date'
[2026-05-07 06:10:11] INFO [TradingSystem._train_model_for_pair:63]   📊 Training model for EURUSDm...
[2026-05-07 06:10:11] ERROR [TradingSystem._train_model_for_pair:160]   ❌ Failed to train model for EURUSDm: 'RangeIndex' object has no attribute 'hour'
Traceback (most recent call last):
  File "D:\2. Group E-H\TradingSystem\backend\train.py", line 97, in _train_model_for_pair
    df=self.trend_model.add_circular_time_features(df)
       ^^^^^^^^^^^^^^^^^^^^^^^^^^^^^^^^^^^^^^^^^^^^^^^
  File "D:\2. Group E-H\TradingSystem\backend\models\trend_model\trend_model.py", line 369, in add_circular_time_features
    minutes_in_day = df.index.hour * 60 + df.index.minute
                     ^^^^^^^^^^^^^
AttributeError: 'RangeIndex' object has no attribute 'hour'
[2026-05-07 06:21:40] INFO [TradingSystem._train_model_for_pair:63]   📊 Training model for EURUSDm...
[2026-05-07 06:21:41] ERROR [TradingSystem._train_model_for_pair:163]   ❌ Failed to train model for EURUSDm: 'timestamp'
Traceback (most recent call last):
  File "D:\2. Group E-H\TradingSystem\.venv\Lib\site-packages\pandas\core\indexes\base.py", line 3641, in get_loc
    return self._engine.get_loc(casted_key)
           ^^^^^^^^^^^^^^^^^^^^^^^^^^^^^^^^
  File "pandas/_libs/index.pyx", line 168, in pandas._libs.index.IndexEngine.get_loc
  File "pandas/_libs/index.pyx", line 197, in pandas._libs.index.IndexEngine.get_loc
  File "pandas/_libs/hashtable_class_helper.pxi", line 7668, in pandas._libs.hashtable.PyObjectHashTable.get_item
  File "pandas/_libs/hashtable_class_helper.pxi", line 7676, in pandas._libs.hashtable.PyObjectHashTable.get_item
KeyError: 'timestamp'

The above exception was the direct cause of the following exception:

Traceback (most recent call last):
  File "D:\2. Group E-H\TradingSystem\backend\train.py", line 97, in _train_model_for_pair
    df['time_combined'] = pd.to_datetime(df['time_combine'])
                                         ^^^^^^^^^^^^^^^
  File "D:\2. Group E-H\TradingSystem\.venv\Lib\site-packages\pandas\core\frame.py", line 4378, in __getitem__
    indexer = self.columns.get_loc(key)
              ^^^^^^^^^^^^^^^^^^^^^^^^^
  File "D:\2. Group E-H\TradingSystem\.venv\Lib\site-packages\pandas\core\indexes\base.py", line 3648, in get_loc
    raise KeyError(key) from err
KeyError: 'timestamp'
[2026-05-07 06:21:58] INFO [TradingSystem._train_model_for_pair:63]   📊 Training model for EURUSDm...
[2026-05-07 06:21:59] INFO [TradingSystem._train_model_for_pair:103]   🔧 Adding technical indicators...
[2026-05-07 06:21:59] INFO [TradingSystem._train_model_for_pair:108]   🔧 Features added: 22 columns
[2026-05-07 06:21:59] INFO [TradingSystem._train_model_for_pair:111]   🧮 Preparing ML features...
[2026-05-07 06:21:59] INFO [TradingSystem._train_model_for_pair:118]   🧮 ML features created: 13 features
[2026-05-07 06:21:59] INFO [TradingSystem._train_model_for_pair:128]   🧠 Training LSTM model (this may take a few minutes)...
[2026-05-07 06:22:00] ERROR [TradingSystem._train_model_for_pair:163]   ❌ Failed to train model for EURUSDm: could not convert string to float: '2007.05.01 12:30:00'
Traceback (most recent call last):
  File "D:\2. Group E-H\TradingSystem\backend\train.py", line 129, in _train_model_for_pair
    history= self.trend_model.train(df_train, epochs=30, batch_size=32, validation_split=0.2)
             ^^^^^^^^^^^^^^^^^^^^^^^^^^^^^^^^^^^^^^^^^^^^^^^^^^^^^^^^^^^^^^^^^^^^^^^^^^^^^^^^
  File "D:\2. Group E-H\TradingSystem\backend\models\trend_model\trend_model.py", line 483, in train
    X_train, y_train = self.prepare_sequences(train_data, train_target, fit_scaler=True)
                       ^^^^^^^^^^^^^^^^^^^^^^^^^^^^^^^^^^^^^^^^^^^^^^^^^^^^^^^^^^^^^^^^^
  File "D:\2. Group E-H\TradingSystem\backend\models\trend_model\trend_model.py", line 275, in prepare_sequences
    scaled_data = self.scaler.fit_transform(data)
                  ^^^^^^^^^^^^^^^^^^^^^^^^^^^^^^^
  File "D:\2. Group E-H\TradingSystem\.venv\Lib\site-packages\sklearn\utils\_set_output.py", line 316, in wrapped
    data_to_wrap = f(self, X, *args, **kwargs)
                   ^^^^^^^^^^^^^^^^^^^^^^^^^^^
  File "D:\2. Group E-H\TradingSystem\.venv\Lib\site-packages\sklearn\base.py", line 907, in fit_transform
    return self.fit(X, **fit_params).transform(X)
           ^^^^^^^^^^^^^^^^^^^^^^^^^
  File "D:\2. Group E-H\TradingSystem\.venv\Lib\site-packages\sklearn\preprocessing\_data.py", line 924, in fit
    return self.partial_fit(X, y, sample_weight)
           ^^^^^^^^^^^^^^^^^^^^^^^^^^^^^^^^^^^^^
  File "D:\2. Group E-H\TradingSystem\.venv\Lib\site-packages\sklearn\base.py", line 1336, in wrapper
    return fit_method(estimator, *args, **kwargs)
           ^^^^^^^^^^^^^^^^^^^^^^^^^^^^^^^^^^^^^^
  File "D:\2. Group E-H\TradingSystem\.venv\Lib\site-packages\sklearn\preprocessing\_data.py", line 961, in partial_fit
    X = validate_data(
        ^^^^^^^^^^^^^^
  File "D:\2. Group E-H\TradingSystem\.venv\Lib\site-packages\sklearn\utils\validation.py", line 2902, in validate_data
    out = check_array(X, input_name="X", **check_params)
          ^^^^^^^^^^^^^^^^^^^^^^^^^^^^^^^^^^^^^^^^^^^^^^
  File "D:\2. Group E-H\TradingSystem\.venv\Lib\site-packages\sklearn\utils\validation.py", line 1022, in check_array
    array = _asarray_with_order(array, order=order, dtype=dtype, xp=xp)
            ^^^^^^^^^^^^^^^^^^^^^^^^^^^^^^^^^^^^^^^^^^^^^^^^^^^^^^^^^^^
  File "D:\2. Group E-H\TradingSystem\.venv\Lib\site-packages\sklearn\utils\_array_api.py", line 878, in _asarray_with_order
    array = numpy.asarray(array, order=order, dtype=dtype)
            ^^^^^^^^^^^^^^^^^^^^^^^^^^^^^^^^^^^^^^^^^^^^^^
  File "D:\2. Group E-H\TradingSystem\.venv\Lib\site-packages\pandas\core\generic.py", line 2039, in __array__
    arr = np.asarray(values, dtype=dtype)
          ^^^^^^^^^^^^^^^^^^^^^^^^^^^^^^^
ValueError: could not convert string to float: '2007.05.01 12:30:00'
[2026-05-07 06:29:44] INFO [TradingSystem._train_model_for_pair:63]   📊 Training model for EURUSDm...
[2026-05-07 06:29:44] INFO [TradingSystem._train_model_for_pair:103]   🔧 Adding technical indicators...
[2026-05-07 06:29:45] INFO [TradingSystem._train_model_for_pair:108]   🔧 Features added: 21 columns
[2026-05-07 06:29:45] INFO [TradingSystem._train_model_for_pair:111]   🧮 Preparing ML features...
[2026-05-07 06:29:45] INFO [TradingSystem._train_model_for_pair:118]   🧮 ML features created: 13 features
[2026-05-07 06:29:45] INFO [TradingSystem._train_model_for_pair:128]   🧠 Training LSTM model (this may take a few minutes)...
[2026-05-07 07:26:41] INFO [TradingSystem._train_model_for_pair:63]   📊 Training model for EURUSDm...
[2026-05-07 07:26:42] INFO [TradingSystem._train_model_for_pair:103]   🔧 Adding technical indicators...
[2026-05-07 07:26:42] INFO [TradingSystem._train_model_for_pair:108]   🔧 Features added: 21 columns
[2026-05-07 07:26:42] INFO [TradingSystem._train_model_for_pair:111]   🧮 Preparing ML features...
[2026-05-07 07:26:42] INFO [TradingSystem._train_model_for_pair:118]   🧮 ML features created: 13 features
[2026-05-07 07:26:42] INFO [TradingSystem._train_model_for_pair:128]   🧠 Training LSTM model (this may take a few minutes)...
